title
"Number of Jobs Started: by Resource"
parameters

start,end
2016-12-22,2017-01-01
---------
Day,"[robertson] Number of Jobs Started","[frearson] Number of Jobs Started"
2016-12-28,1,0
2016-12-29,0,1
2016-12-30,0,0
2016-12-31,1,0
2017-01-01,4,0
---------
