title
"CPU Hours: System: Total: by User Institution"
parameters

start,end
2016-12-22,2017-01-01
---------
Quarter,"[screw - Screwdriver] CPU Hours: System: Total"
"2016 Q4",66.12204928582632
"2017 Q1",22.234059373463076
---------
