title
"Avg: gpfs transmit rate: Per Node weighted by node-hour (bytes/s): by Exit Status"
parameters

start,end
2016-12-22,2017-01-01
---------
Quarter,"[CANCELLED] Avg: gpfs transmit rate: Per Node weighted by node-hour (bytes/s)","[COMPLETED] Avg: gpfs transmit rate: Per Node weighted by node-hour (bytes/s)","[TIMEOUT] Avg: gpfs transmit rate: Per Node weighted by node-hour (bytes/s)"
"2016 Q4",84.46579395055174,0,0
"2017 Q1",0,270656.52625464683,2279.610375275938
---------
