title
"Avg: eth0 receive rate: Per Node weighted by node-hour (bytes/s): by PI Institution"
parameters

start,end
2016-12-22,2017-01-01
---------
"PI Institution","Avg: eth0 receive rate: Per Node weighted by node-hour (bytes/s)"
"screw - Screwdriver",463357.9237908691
---------
