title
"Avg: CPLD: Per Core weighted by core-hour"
parameters

start,end
2016-12-22,2017-01-01
---------
Year,"[SUPREMM] Avg: CPLD: Per Core weighted by core-hour"
2016,2.9487925654353253
2017,3.780889715758247
---------
