title
"Wall Hours: Requested: Per Job: by Datasource"
parameters

start,end
2016-12-22,2017-01-01
---------
Datasource,"Wall Hours: Requested: Per Job"
pcp,23.030952380952385
---------
