title
"CPU Hours: System: Total: by CPU User CV"
parameters

start,end
2016-12-22,2017-01-01
---------
Day,"[&lt; 0.1] CPU Hours: System: Total","[0.1 - 0.2] CPU Hours: System: Total","[0.4 - 0.8] CPU Hours: System: Total","[1.6 - 3.2] CPU Hours: System: Total"
2016-12-28,11.50694667044404,0,0,0
2016-12-29,21.612577820620533,0,0,1.1115052799968048
2016-12-30,21.612577820620533,0,0,5.257922399451975
2016-12-31,5.020519294692434,0,0,0
2017-01-01,21.860583566368767,0.02316302364906677,0.3503127834452453,0
---------
