title
"Avg: block sda write ops rate: Per Node weighted by node-hour (ops/s): by Queue"
parameters

start,end
2016-12-22,2017-01-01
---------
Quarter,"[crumpet] Avg: block sda write ops rate: Per Node weighted by node-hour (ops/s)","[chapti] Avg: block sda write ops rate: Per Node weighted by node-hour (ops/s)"
"2016 Q4",1.5222075046459216,1.4864625855511382
"2017 Q1",0,1.635195597085841
---------
