title
"Avg: block sda read rate: Per Node weighted by node-hour (bytes/s): by System Username"
parameters

start,end
2016-12-22,2017-01-01
---------
"System Username","Avg: block sda read rate: Per Node weighted by node-hour (bytes/s)"
dunli,0.23519163763066203
meapi,0.08065250667307619
whimb,0.07112899196676264
egygo,0.0014511090901901862
---------
