title
"Wait Hours: Total: by Share Mode"
parameters

start,end
2016-12-22,2017-01-01
---------
Month,"[Exclusive] Wait Hours: Total"
2016-12,112.72416666666666
2017-01,28.028888888888886
---------
