title
"Avg: eth0 transmit rate: Per Node weighted by node-hour (bytes/s): by GPU0 Usage Value"
parameters

start,end
2016-12-22,2017-01-01
---------
"GPU0 Usage Value","Avg: eth0 transmit rate: Per Node weighted by node-hour (bytes/s)"
NA,263864.61618621304
---------
