title
"Avg: ib0 receive rate: Per Node weighted by node-hour (bytes/s): by PI Institution"
parameters

start,end
2016-12-22,2017-01-01
---------
"PI Institution","Avg: ib0 receive rate: Per Node weighted by node-hour (bytes/s)"
"wrench - Wrench",0.003778247247487845
"screw - Screwdriver",0
---------
