title
"Avg: ib0 receive rate: Per Node weighted by node-hour (bytes/s): by PI Institution"
parameters

start,end
2016-12-22,2017-01-01
---------
Month,"[wrench - Wrench] Avg: ib0 receive rate: Per Node weighted by node-hour (bytes/s)","[screw - Screwdriver] Avg: ib0 receive rate: Per Node weighted by node-hour (bytes/s)"
2016-12,0.003778247247487845,0
2017-01,0,0
---------
