title
"Avg CPU %: User: weighted by core-hour: by Peak Memory Usage (%)"
parameters

start,end
2016-12-22,2017-01-01
---------
Day,"[NA] Avg CPU %: User: weighted by core-hour","[&lt; 10] Avg CPU %: User: weighted by core-hour","[20 - 30] Avg CPU %: User: weighted by core-hour","[40 - 50] Avg CPU %: User: weighted by core-hour"
2016-12-28,0,0,99.03583376711231,0
2016-12-29,1.3396101558559381,0,99.0358337671123,0
2016-12-30,1.339610155855938,0,99.0358337671123,0
2016-12-31,0,99.63685223974439,99.03583376711228,0
2017-01-01,0.47192446265491866,55.802599446551575,0,96.65940664195428
---------
