title
"Avg: /projects write rate: Per Node weighted by node-hour (bytes/s): by Decanal Unit"
parameters

start,end
2016-12-22,2017-01-01
---------
Day,"[Engineering] Avg: /projects write rate: Per Node weighted by node-hour (bytes/s)","[Mathematical and Physical Sciences] Avg: /projects write rate: Per Node weighted by node-hour (bytes/s)","[Biological Sciences] Avg: /projects write rate: Per Node weighted by node-hour (bytes/s)"
2016-12-28,4498.715323196161,0,0
2016-12-29,8014.645183357499,0,0
2016-12-30,16191.204468713406,0,0
2016-12-31,4498.715323196161,3694.7268830776106,0
2017-01-01,0,0,2742.4583069369655
---------
