title
"Wait Hours: Total: by User"
parameters

start,end
2016-12-22,2017-01-01
---------
Day,"[Pipit, Meadow] Wait Hours: Total","[Dunlin] Wait Hours: Total","[Whimbrel] Wait Hours: Total","[Goose, Egyptian] Wait Hours: Total"
2016-12-28,110.12305555555555,0,0,0
2016-12-29,0,0,0,0.0011111111111111111
2016-12-30,0,0,0,0
2016-12-31,0,0,2.6,0
2017-01-01,0,28.028888888888886,0,0
---------
