title
"Avg: Memory Bandwidth: Per Core weighted by core-hour (bytes/s): by Resource"
parameters

start,end
2016-12-22,2017-01-01
---------
Year,"[robertson] Avg: Memory Bandwidth: Per Core weighted by core-hour (bytes/s)"
2016,92732212.68144993
2017,24849273.848053884
---------
