title
"Avg: eth0 transmit rate: Per Node weighted by node-hour (bytes/s): by Exit Status"
parameters

start,end
2016-12-22,2017-01-01
---------
Year,"[CANCELLED] Avg: eth0 transmit rate: Per Node weighted by node-hour (bytes/s)","[COMPLETED] Avg: eth0 transmit rate: Per Node weighted by node-hour (bytes/s)","[TIMEOUT] Avg: eth0 transmit rate: Per Node weighted by node-hour (bytes/s)"
2016,3296.038222073229,3980.3105878331294,0
2017,0,24498807.788847584,7760.028421633554
---------
