title
"Avg: CPI: Per Core weighted by core-hour: by Queue"
parameters

start,end
2016-12-22,2017-01-01
---------
Quarter,"[chapti] Avg: CPI: Per Core weighted by core-hour"
"2016 Q4",0.7333711683783726
"2017 Q1",1.0705283142764654
---------
