title
"CPU Hours: User: Total: by Application"
parameters

start,end
2016-12-22,2017-01-01
---------
Year,"[amber] CPU Hours: User: Total","[enzo] CPU Hours: User: Total","[wrf] CPU Hours: User: Total"
2016,6262.946898765169,252.60931148342394,30.115627068224466
2017,0,41.96551512418441,0
---------
