title
"Avg: Total Memory: Per Core weighted by core-hour (bytes): by Peak Memory Usage (%)"
parameters

start,end
2016-12-22,2017-01-01
---------
Day,"[NA] Avg: Total Memory: Per Core weighted by core-hour (bytes)","[&lt; 10] Avg: Total Memory: Per Core weighted by core-hour (bytes)","[20 - 30] Avg: Total Memory: Per Core weighted by core-hour (bytes)","[40 - 50] Avg: Total Memory: Per Core weighted by core-hour (bytes)"
2016-12-28,0,0,4228070843.7430453,0
2016-12-29,761365718.1221551,0,4228070843.743046,0
2016-12-30,761365718.1221551,0,4228070843.743046,0
2016-12-31,0,4104107695.7919683,4228070843.743046,0
2017-01-01,3556366326.5185204,1618175540.8619225,0,2303814511.81609
---------
