title
"Number of Jobs Started: by Granted Processing Element"
parameters

start,end
2016-12-22,2017-01-01
---------
"Granted Processing Element","Number of Jobs Started"
24,2
96,2
8,1
36,1
112,1
---------
