title
"Number of Jobs Started: by Granted Processing Element"
parameters

start,end
2016-12-22,2017-01-01
---------
Year,"[24] Number of Jobs Started","[96] Number of Jobs Started","[8] Number of Jobs Started","[36] Number of Jobs Started","[112] Number of Jobs Started"
2016,0,1,0,1,1
2017,2,1,1,0,0
---------
