title
"Number of Jobs Ended: by Decanal Unit"
parameters

start,end
2016-12-22,2017-01-01
---------
Quarter,"[Biological Sciences] Number of Jobs Ended","[Engineering] Number of Jobs Ended","[Mathematical and Physical Sciences] Number of Jobs Ended"
"2016 Q4",0,2,1
"2017 Q1",4,0,0
---------
