title
"Avg: block sda read rate: Per Node weighted by node-hour (bytes/s): by Resource"
parameters

start,end
2016-12-22,2017-01-01
---------
Resource,"Avg: block sda read rate: Per Node weighted by node-hour (bytes/s)"
robertson,0.08415182332574181
frearson,0.0014511090901901862
---------
