title
"Avg GPU0 usage: weighted by node-hour (GPU %): by Share Mode"
parameters

start,end
2016-12-22,2017-01-01
---------
Day
---------
