title
"Wait Hours: Per Job: by Decanal Unit"
parameters

start,end
2016-12-22,2017-01-01
---------
Quarter,"[Engineering] Wait Hours: Per Job","[Biological Sciences] Wait Hours: Per Job","[Mathematical and Physical Sciences] Wait Hours: Per Job"
"2016 Q4",55.062083333333334,0,2.6
"2017 Q1",0,7.007222222222222,0
---------
