title
"CPU Hours: System: Total: by gpfs bytes received"
parameters

start,end
2016-12-22,2017-01-01
---------
Day,"[NA] CPU Hours: System: Total","[&lt; 1Mi] CPU Hours: System: Total","[128Mi - 256Mi] CPU Hours: System: Total","[256Mi - 512Mi] CPU Hours: System: Total","[512Mi - 1Gi] CPU Hours: System: Total","[8Gi - 16Gi] CPU Hours: System: Total"
2016-12-28,11.50694667044404,0,0,0,0,0
2016-12-29,21.612577820620533,0,0,0,0,1.1115052799968048
2016-12-30,21.612577820620533,0,0,0,0,5.257922399451975
2016-12-31,5.020519294692434,0,0,0,0,0
2017-01-01,0,0.3503127834452453,0.02316302364906677,0.2815835960334169,21.57899997033535,0
---------
