title
"Avg: gpfs transmit rate: Per Node weighted by node-hour (bytes/s): by PI"
parameters

start,end
2016-12-22,2017-01-01
---------
Year,"[Dunlin] Avg: gpfs transmit rate: Per Node weighted by node-hour (bytes/s)","[Nuthatch] Avg: gpfs transmit rate: Per Node weighted by node-hour (bytes/s)","[Fieldfare] Avg: gpfs transmit rate: Per Node weighted by node-hour (bytes/s)","[White, Great] Avg: gpfs transmit rate: Per Node weighted by node-hour (bytes/s)"
2016,0,401.2711340002373,0,0
2017,116618.20773281596,0,0,0
---------
