title
"Number of Jobs Running: by Queue"
parameters

start,end
2016-12-22,2017-01-01
---------
Day,"[chapti] Number of Jobs Running","[crumpet] Number of Jobs Running"
2016-12-28,1,0
2016-12-29,1,1
2016-12-30,1,1
2016-12-31,2,0
2017-01-01,4,0
---------
