title
"Avg: gpfs receive rate: Per Node weighted by node-hour (bytes/s): by Resource"
parameters

start,end
2016-12-22,2017-01-01
---------
Quarter,"[frearson] Avg: gpfs receive rate: Per Node weighted by node-hour (bytes/s)","[robertson] Avg: gpfs receive rate: Per Node weighted by node-hour (bytes/s)"
"2016 Q4",24777.137709066472,0
"2017 Q1",0,24080.867991764335
---------
