title
"Avg: CPU User CV: weighted by core-hour: by Decanal Unit"
parameters

start,end
2016-12-22,2017-01-01
---------
Year,"[Engineering] Avg: CPU User CV: weighted by core-hour","[Biological Sciences] Avg: CPU User CV: weighted by core-hour","[Mathematical and Physical Sciences] Avg: CPU User CV: weighted by core-hour"
2016,0.6551531768986311,0,0.000384537731233099
2017,0,0.4355488906481971,0
---------
