title
"CPU Hours: Idle: Total: by Department"
parameters

start,end
2016-12-22,2017-01-01
---------
Year,"[Mechanical and Structural Systems] CPU Hours: Idle: Total","[Environmental Biology] CPU Hours: Idle: Total","[Electrical and Communication Systems] CPU Hours: Idle: Total","[Astronomical Sciences] CPU Hours: Idle: Total"
2016,2210.917345779028,0,1.4712560810377002,0.4801979982880181
2017,0,97.87032160037158,0,0
---------
