title
"Number of Jobs Submitted: by Department"
parameters

start,end
2016-12-22,2017-01-01
---------
Year,"[Environmental Biology] Number of Jobs Submitted","[Astronomical Sciences] Number of Jobs Submitted","[Electrical and Communication Systems] Number of Jobs Submitted","[Mechanical and Structural Systems] Number of Jobs Submitted"
2016,0,1,1,1
2017,3,0,0,0
---------
